// Jest Snapshot v1, https://goo.gl/fbAQLP

exports[`InlineRecoveryKeySetupCreate renders as expected 1`] = `
<div>
  <div
    class="flex min-h-screen flex-col items-center"
    data-testid="app"
  >
    <div
      class="w-full hidden mobileLandscape:block"
      id="body-top"
    />
    <header
      class="w-full px-6 pt-16 pb-0 mobileLandscape:py-6"
    >
      <a
        class="mobileLandscape:inline-block"
        data-testid="link-external"
        href="https://www.mozilla.org/about/?utm_source=firefox-accounts&utm_medium=Referral"
        rel="author"
        target="_blank"
      >
        <img
          alt="Mozilla logo"
          class="h-auto w-[140px] mx-auto mobileLandscape:mx-0"
          src="moz-logo-bw-rgb.svg"
        />
        <span
          class="sr-only"
        >
          Opens in new window
        </span>
      </a>
    </header>
    <main
      class="mobileLandscape:flex mobileLandscape:items-center mobileLandscape:flex-1"
    >
      <section>
        <div
          class="card"
        >
          <div
            aria-live="polite"
            class="my-4 flex flex-row no-wrap items-center px-4 py-3 gap-3.5 rounded-md border border-transparent text-sm text-start bg-green-200"
            id=""
            role="status"
            tabindex="-1"
          >
            <svg
              aria-hidden="true"
              class="shrink-0 self-center"
              data-testid="aria-hidden-image"
              role="img"
            >
              icon_checkmark_circle_outline_current.min.svg
            </svg>
            <div
              class="flex flex-col grow"
            >
              <p
                class="font-bold"
              >
                Youâ€™re signed in to Firefox.
              </p>
            </div>
          </div>
          <span
            data-testid="ftlmsg-mock"
            id="inline-recovery-key-setup-create-header"
          >
            <h1
              class="mb-5 text-grey-400 text-base"
            >
              Secure your account
            </h1>
          </span>
          <span
            data-testid="ftlmsg-mock"
            id="recovery-key-image-aria-label"
          >
            <svg
              aria-label="Illustration to represent an account recovery key."
              class="mx-auto my-4 max-h-44"
              role="img"
            >
              graphic_recovery_key.min.svg
            </svg>
          </span>
          <h2
            class="font-bold text-xl mb-5"
          >
            <span
              data-testid="ftlmsg-mock"
              id="inline-recovery-key-setup-create-subheader"
            >
              Got a minute to protect your data?
            </span>
          </h2>
          <p
            class="text-sm mb-5"
          >
            <span
              data-testid="ftlmsg-mock"
              id="inline-recovery-key-setup-info"
            >
              Create an account recovery key so you can restore your sync browsing data if you ever forget your password.
            </span>
          </p>
          <div
            class="flex mb-7"
          >
            <button
              class="cta-primary cta-xl flex justify-center items-center cta-primary cta-xl"
              data-glean-id="inline_recovery_key_cta_submit"
              type="submit"
            >
              <span
                data-testid="ftlmsg-mock"
                id="inline-recovery-key-setup-start-button"
              >
                Create account recovery key
              </span>
            </button>
          </div>
          <button
            class="flex justify-center items-center link-blue text-sm mx-auto"
            data-glean-id="inline_recovery_key_setup_create_do_it_later"
          >
            <span
              data-testid="ftlmsg-mock"
              id="inline-recovery-key-setup-later-button"
            >
              Do it later
            </span>
          </button>
        </div>
      </section>
    </main>
  </div>
  <div
    class="w-full block mobileLandscape:hidden"
    id="body-bottom"
  />
</div>
`;

exports[`InlineRecoveryKeySetupCreate renders button with CMS passthrough 1`] = `
<button
  class="cta-primary-cms cta-xl flex justify-center items-center cta-primary cta-xl"
  data-glean-id="inline_recovery_key_cta_submit"
  style="--cta-bg: #000000; --cta-border: #000000; --cta-active: #000000; --cta-disabled: #00000060;"
  type="submit"
>
  <span
    data-testid="ftlmsg-mock"
    id="inline-recovery-key-setup-start-button"
  >
    Create account recovery key
  </span>
</button>
`;
